
Overlap8.hs:6:15:
    Conflicting family instance declarations:
      F a Int -- Defined at Overlap8.hs:6:15
      F a b -- Defined at Overlap8.hs:9:3
