
T2627b.hs:20:24:
    Couldn't match expected type `Dual (Dual a0)' with actual type `a0'
      `a0' is untouchable
        inside the constraints (b ~ W a2 b2)
        bound by a pattern with constructor
                   Wr :: forall a b. a -> Comm b -> Comm (W a b),
                 in an equation for `conn'
        at T2627b.hs:20:14-19
    In the expression: conn undefined undefined
    In an equation for `conn':
        conn (Rd k) (Wr a r) = conn undefined undefined
