cannot satisfy -package -all
    (use -v for more information)
