
T5570.hs:7:16:
    Couldn't match expected kind `*' with actual kind `#'
    In the second argument of `($)', namely `D# $ 3.0##'
    In the expression: print $ D# $ 3.0##
    In an equation for `main': main = print $ D# $ 3.0##
